# 更新日志

> 本文是项目的版本演进权威记录。当前文档版本：0.2.0-dev（与工程版本分轨维护）· 最新条目：`0.0.2`（2026-10-02）。
> 版本按迭代顺序倒序排列，最新在上。条目按「新增 / 变更 / 修复 / 废除」四段式分类，每条都要能被读者据此判断影响范围。

---

## [0.0.2] - 2026-10-02（当前）

> 容器层落地：`.clv` 文件的读写面进 C ABI（**v0 实验性**），并补齐人肉验证用的两份示例与三份确定性入库素材。工程版本 `0.0.1` → `0.0.2`，文档版本 `0.1.0-dev` → `0.2.0-dev`。

**新增**

- **容器公开头** `include/CLV_Container.h`：不透明句柄 `CLV_ContainerWriter` / `CLV_ContainerReader` + 自由函数 **19 个**（建流、加扩展块、写帧、收尾、逐帧读回、统计、索引查询、错误码转文本等）；错误码是**独立枚举** `CLV_ContainerError` **11 值**，`0` 恒为成功，值序即 ABI（改序、插位、删位都是破坏性变更，新码只追加尾部）。它与文件面的 `CLV_FileError` 是两套编号，**不得跨头比对数值**；文件面失败在容器口统一收敛为 `CLV_CONTAINER_IO_FAILED`。
- **容器实现层** `src/container/`（16 个文件，不出 C ABI）：结构编解码（文件头 64 B、流描述符 64 B、扩展块链、数据包、索引区 16 B 头 + 16 B 项、文件尾 16 B）、包内 varint 与 zigzag、CRC-32/MPEG-2 校验、跨流统一时间轴排序、分片帧重组、读方容错与重同步。
- **容器读写口径**（读者据此判断影响范围）：
  - 包边界由 `total_size` 自证——自 `stream_id` 起算、含 `crc32`、不含自身；CRC 覆盖包内相对区间 `[4, total_size)`；
  - 包内 varint 走 LEB128 且必须是**最短形式**，非最短即判字段不成立；
  - 时间轴：写方收该流**原始时间轴上的绝对 dts / pts**（允许为负，B 帧前瞻），按首帧 dts 把整条流平移到 0，`pts_delta` 恒等于「本帧 PTS − 本帧 DTS」，读方不做平移；写帧必须按解码序（dts 非降）；
  - 分片帧每片自带完整外层头，片按 `fragment_index` 落位而非到达顺序；单帧载荷超该流 `max_packet_size` 直接拒；
  - 索引区可选：缺失、或排序键与写方不一致，只判「索引不可用」，不判文件损坏；查询按统一时间轴二分；
  - 读方容错分档：CRC 不过 / 字段区不成立 / 片序跳变一律丢包或丢帧 + 计数 + 继续，**只有包头不成立**才进重同步（扫描窗口 64 KB 为编译期常量）；重同步失败放弃包区剩余内容，索引区与文件尾照常可读；**任何路径都不判整文件损坏**，全部计数从 `CLV_ContainerReaderStats` 观测；
  - 单文件上限 4 GiB（索引 `file_offset` 是 u32），越限返回 `CLV_CONTAINER_TOO_LARGE`，分段容器不在本期范围。
- **两份纯 C 示例**（`demo/`，构建开关 `CLV_BUILD_DEMOS`）：`core.c` 走文件 / 内存 / 日志 / 版本四面，8 项自动判定 + 2 项人工；`container.c` 现场写一份两流 `.clv`（视频流 + 挂样式扩展块的字幕流，首帧源 dts 为负且切 4 片）再读回，逐条打印「预期 / 实测 / 判定」，10 项自动判定全过才退出码 0；另有 `info <路径>` 子命令只读 dump 一份已有 `.clv`。跑法与逐项清单见 `demo/README.md`。
- **入库素材** `assets/fixtures/` 三份确定性 `.clv`（`minimal` / `neg_dts` / `subtitle_ext4`）：由 `script/gen_fixtures.py` 生成，内容表与整文件 CRC / SHA-256 冻结值在 `assets/README.md`。字节流必须是输入的纯函数；格式变更时重跑脚本并更新该表，不手改素材文件。
- **`.gitattributes`**：文本文件钉 LF，并把 `*.clv` 标 `binary !eol`——`eol=lf` 被继承时换行改写会静默损坏二进制。
- **两份公开文档**：`API.md`（仓库根，C ABI 逐函数说明：句柄与错误码约定、两套枚举的触发条件、路径契约、读写方调用顺序、载荷有效期、构建开关对调用方可见的差异、最小可运行示例与验收清单）；`docs/容器规范.md`（`.clv` 字节格式规范：全局约定与 CRC 覆盖范围、六种结构的逐字段布局与值域、时间模型与写方平移义务、分片连续性规则、容错分档与重同步扫描、上限一览、一致性检查清单）。`README.md` 与 `ARCHITECTURE.md` 的文档索引、工程结构表已同步。

**变更**

- 工程版本 `0.0.1` → `0.0.2`：单一来源是 `include/CLV_Version.h` 的四个宏，`src/version.cpp` 与 CMake `project(clv VERSION 0.0.2)` 都从它取，版本字符串为 `0.0.2-dev`。文档版本 `0.1.0-dev` → `0.2.0-dev`（README / ARCHITECTURE / demo 手册抬头）。
- `.clv` 头里的 `version_major` / `version_minor` 是**容器格式版本**（当前 1 / 0），与工程版本分轨：抬工程版本不触发入库素材重跑。
- 单测 50 例 → **89 例**：实现层内部工具直测 20 例、容器内部 29 例、只吃公开 C ABI 的 api 面 40 例。
- **实现层内部重构（2026-10-03 追加，不动公开面与线上格式）**：
  - 读方按 `stream_id` 取流描述符、写方按 `stream_id` 取流状态，都从线性扫改为 O(1) 查表；扩展块按流分组的嵌套扫改为一次分桶；
  - 分片落位与重复检测改为「插入即二分定位」，收口时不再整表重排；整帧载荷拼接走移动语义；
  - 读方全局统计改为增量累加，两个累加点共用同一份差值口径；
  - 重同步窗口从 `ReaderConfig` 移到编译期常量：它是格式侧定死的扫描范围，不作为可调项暴露；
  - `platform/` 与 `backends/` 数据成员的前缀 `m_` 统一为尾下划线，`src/container/` 的缩写成员名展开，内部错误枚举 `ContainerErr` 的值统一 `k` 前缀；**命名口径写进 `ARCHITECTURE.md` 的分层约束**，新增后端不得另立风格；
  - spdlog 后端的 pImpl 从 `void*` + 手工 `new` / `delete` 改为 `std::unique_ptr`，头文件只留前置声明；
  - 包内字段标识符 `ext_len` 改名 `ext_len_varint`（与扩展块那个 2 字节 `ext_len` 区分），线上编码与语义不变；
  - 删除零调用点的 `ContainerWriter::PacketCount()`（包数由 `WriteSummary` 给出）；内存字节源/汇的逐字节拷贝改为区间拷贝。
  - **影响范围**：C ABI、错误码取值、`.clv` 字节序一律不动。跨轮对数值实测：示例写出的 `.clv` 仍是 1717 字节、`total_packets` 7、`index_offset` 1621，三份入库素材读回逐条与本节上方口径一致。

**修复**

- `demo/core.c` 把版本字符串与三段数字写成字面量，抬工程版本后该示例会**静默判错**；改为与 `CLV_VERSION_*` 宏比对。`tests/api/test_version.cpp` 里刻意钉字面量的那条保持不变（它与用宏的那条互补，用途就是不跟宏同源），注释写明 bump 时要同步改的三处。

**废除**

- 无。

**版本兼容声明**

- 公开头由 5 份增至 6 份。`CLV_Container.h` 标 **v0 实验性**：容器面的函数名、参数结构体与出参形态在容器层开发期内可整体改，**此期间不计入破坏性变更**；ABI 冻结后错误码只在枚举尾部追加、既有码值语义不动。文件 / 日志 / 内存 / 版本四个能力域维持 0.0.1 的契约。
- 容器格式版本仍为 1.0，未发布过更早的格式，无历史兼容负担；本轮实现层重构不改变已能读写的文件的可读性。

**测试情况**

- 89 例全部通过；`/W4 /permissive- /WX` 下 0 warning；`clv_demo_core` 与 `clv_demo_container` 退出码 0（自动判定项全过）；`script/format_all.py` 检查通过（57 个 C/C++ 文件 + 5 个 Python 文件）。
- 本段的 `2026-10-02` 是工程版本 `0.0.2` 的发布日期，附注标签 `v0.0.2` 指向版本 bump 那次提交。2026-10-03 的实现层重构与两份文档是**不升版本**的改动，按更新历史照旧记在本段内，不另发标签。

---

## [0.0.1] - 2026-10-01

> 首个工程版本：CLV 以 **C ABI 库**的形态落地地基——文件读写、日志、内存、版本查询四个能力域，加两个实现层内部工具（CRC、varint）。

**新增**

- **公开 C ABI 五份头文件**（`include/` 平铺，`extern "C"`，SDL 风格命名）：
  - `CLV_Export.h`：`CLV_API` 符号可见性开关，静态库下为空，`CLV_BUILD_SHARED` / `CLV_USE_SHARED` 切 dllexport / dllimport；
  - `CLV_Version.h`：`CLV_VersionString` / `Major` / `Minor` / `Patch` 四函数；四个版本宏是工程版本的单一来源，值为 `0.0.1`，字符串为 `0.0.1-dev`；
  - `CLV_File.h`：不透明句柄 `CLV_File`；`CLV_OpenFile` / `CLV_OpenFileEx` / `CLV_ReadFile` / `CLV_WriteFile` / `CLV_SeekFile` / `CLV_FileSize` / `CLV_FlushFile` / `CLV_CloseFile` / `CLV_OpenMemoryFile` / `CLV_FileStrError`；打开模式三值（READ / WRITE / APPEND），错误码 11 值；
  - `CLV_Logger.h`：`CLV_Log` / `CLV_LogSetLevel` / `CLV_LogSetStorage`，等级四值（DEBUG / INFO / WARN / ERROR）；
  - `CLV_Memory.h`：`CLV_Alloc` / `CLV_Realloc` / `CLV_Free`。
- **路径与错误契约**：路径一律 UTF-8 字节序且只用 `/` 分隔符，NULL、空串、含反斜杠者在契约层即拒收（`CLV_FILE_INVALID_PATH`）；非法 UTF-8 在 Windows 后端转换处挡下（`CLV_FILE_OPEN_FAILED`）；长路径与跨实例并发语义不承诺。
- **三模式语义**：逐一对齐 POSIX `rb` / `wb` / `ab`——READ 要求文件已存在；WRITE 建文件或清空；APPEND 建文件且写入恒定落末尾。短读不算失败（实际字节数走出参）；Seek 是绝对偏移且越过文件尾合法；Size 与游标无关；只读句柄的 Flush 是 no-op 且返回 OK。
- **core 层**（`clv::core`，`src/core/`）：`fileio.cpp` 做路径与模式判定、句柄与实现层互转、生命周期收口；`logger.cpp` 做后端选源、函数内 `static` 惰性单例、越界入参丢弃；`memory.cpp` 直通 C 运行时分配器；`crc32.{h,cpp}` 为 CRC-32/MPEG-2（poly `0x04C11DB7`、init `0xFFFFFFFF`、不反射、xorout 0；check `0x0376E6E7`，residue 0，分段累加与一次性算完等价）；`varint.{h,cpp}` 为无符号 LEB128，第 10 字节只允许贡献 1 位。overlong 的口径：**第 10 字节规则内拒绝，一般 overlong 不拒**（如两字节编码的 0 会被接受），最短形式检查由容器层的包校验负责。后两者不出 C ABI。
- **platform 层**（`clv::platform`，`platform/`）：`platform.h` 是裸宏唯一出现处，CMake 主推、头文件兜底；`fileio/impl_fileio.{h,cpp}` 是全库唯一选源点；`win32_fileio` 走 `CreateFileW` + `MultiByteToWideChar(CP_UTF8, MB_ERR_INVALID_CHARS)`，大块请求按 1 MiB 分块吸收 Win32 的 32 位长度参数；`linux_fileio` 与 `macos_fileio` 各一份 stdio 实现；iOS 在选源处 `#error` 占位。
- **backends 层**（`clv::backend`，`backends/`）：`impl_logger.h` 定义实现层接口，返回值取值域与公开枚举对齐；`spdlog/` 自持 logger 实例、不进注册表、flush 策略走成员级、消息按 UTF-8 字节串直投不做格式化解析、构造后默认过滤等级 INFO；`null/` 空后端丢弃一切。两套都由构建开关选源。
- **构建系统**：根 `CMakeLists.txt` + `cmake/`（`sources.cmake`、`platform/<平台>.cmake`、`backends/<后端>.cmake`、`move_compile_db.cmake` + `move_file.cmake`）；生成器统一 Ninja + x64；第三方 `find_package` 优先、`add_subdirectory` 源码回退；源文件编码由构建统一指定（MSVC `/utf-8`，其它 `-finput-charset=UTF-8`）；自有 target 开 `/W4 /permissive-`，`CLV_WARNINGS_AS_ERRORS` 可把告警升级为错误；四个构建开关 `CLV_BUILD_SHARED`、`CLV_LOGGER_USE_SPDLOG`、`CLV_BUILD_DEMOS`、`CLV_WARNINGS_AS_ERRORS`，默认全 OFF。
- **单测**：`tests/` 单一可执行 `clv_tests`，**50 例全部通过**（core 15 / api 35），只吃公开 C ABI；`CLV_LOGGER_USE_SPDLOG` 的 ON 与 OFF 两种配置各 clean 重建一遍，均 0 warning。
- **示例与复检清单**：`demo/` 放纯 C 示例源码与操作手册，不含构建产物；示例按 10 个复检项逐条打印「预期 / 实测 / 判定」，其中 8 项自动判定、2 项人工判定，退出码 0 表示自动项全过。
- **许可**：根 `LICENSE` 为「非商业授权协议（非商业源码可见许可）」，非商业使用者拿到与 Apache-2.0 同范围的权利但不含商业权利，商业用途需事先书面授权。`third-party/` 各库保留自己的许可证（spdlog 为 MIT、googletest 为 BSD-3-Clause）。

**变更**

- 无。

**修复**

- 无。

**废除**

- 无。

**版本兼容声明**

- 首个版本，无向上兼容承诺。契约冻结面是 `include/` 五个公开头，改动它们即视为破坏性变更，需在后续版本条目末尾标 **破坏性**。
- 两条版本轨道各自独立：工程版本 `0.0.1`（字符串 `0.0.1-dev`）与文档版本 `0.1.0-dev`。

**测试情况**

- 50 例全部通过；两种日志后端配置各一遍；`/W4` 与 `/WX` 下 clean 重建 0 warning；示例程序 10 项复检退出码 0。
